// Jest Snapshot v1, https://goo.gl/fbAQLP

exports[`AddRepoContainer Initialization should render a default view 1`] = `
<AddRepoView
  URLFieldChange={[Function]}
  cancelClickHandler={[Function]}
  confirmClickHandler={[Function]}
  confirmed={false}
  errorMessage=""
  formInvalid={false}
  helpMessage=""
  isLoading={false}
  nameFieldChanged={[Function]}
  repoName=""
  repoURL=""
  validateClickHandler={[Function]}
  validated={false}
/>
`;
