// Jest Snapshot v1, https://goo.gl/fbAQLP

exports[`PopupContainer Initialization should render a default view 1`] = `
<PopupView
  URLFieldChange={[Function]}
  confirmClickHandler={[Function]}
  confirmed={false}
  errorMessage=""
  formInvalid={false}
  helpMessage=""
  nameFieldChanged={[Function]}
  repoName=""
  repoURL=""
  validateClickHandler={[Function]}
  validated={false}
/>
`;
