// Jest Snapshot v1, https://goo.gl/fbAQLP

exports[`PopupContainer Initialization should render a default view 1`] = `
<PopupView
  errorMessage="Job url is NOT valid. Recheck and retry."
  fieldChanged={[Function]}
  formInvalid={false}
  helpMessage=""
  jobInputURL=""
  validateClickHandler={[Function]}
/>
`;
